EN prog_counter_32bit NULL C:/Users/Andrew/Documents/ISEWorkspace/testgate/PROG_COUNTER_32Bit.vhd sub00/vhpl01 1453709983
EN alu_32bit NULL C:/Users/Andrew/Documents/ISEWorkspace/testgate/ALU_32Bit.vhd sub00/vhpl19 1453709999
AR ram_512x32bit behavioral C:/Users/Andrew/Documents/ISEWorkspace/testgate/RAM_512x32Bit.vhd sub00/vhpl22 1453710002
AR imem behavioral C:/Users/Andrew/Documents/ISEWorkspace/testgate/imem.vhd sub00/vhpl08 1453681289
EN adder_32bit_unsigned NULL C:/Users/Andrew/Documents/ISEWorkspace/testgate/ADDER_32Bit_Unsigned.vhd sub00/vhpl03 1453709985
AR adder_32bit_unsigned behavioral C:/Users/Andrew/Documents/ISEWorkspace/testgate/ADDER_32Bit_Unsigned.vhd sub00/vhpl04 1453709986
PH processor_pkg NULL C:/Users/Andrew/Documents/ISEWorkspace/testgate/PROCESSOR_pkg.vhd sub00/vhpl00 1453709982
AR processor_32bit behavioral C:/Users/Andrew/Documents/ISEWorkspace/testgate/PROCESSOR_32Bit.vhd sub00/vhpl24 1453710004
EN imem NULL C:/Users/Andrew/Documents/ISEWorkspace/testgate/imem.vhd sub00/vhpl07 1453681288
AR prog_counter_32bit behavioral C:/Users/Andrew/Documents/ISEWorkspace/testgate/PROG_COUNTER_32Bit.vhd sub00/vhpl02 1453709984
EN signextend_16to32bit NULL C:/Users/Andrew/Documents/ISEWorkspace/testgate/SIGNEXTEND_16to32Bit.vhd sub00/vhpl15 1453709995
EN ram_512x32bit NULL C:/Users/Andrew/Documents/ISEWorkspace/testgate/RAM_512x32Bit.vhd sub00/vhpl21 1453710001
AR mux_2to1_32bit behavioral C:/Users/Andrew/Documents/ISEWorkspace/testgate/MUX_2to1_32Bit.vhd sub00/vhpl18 1453709998
AR signextend_16to32bit behavioral C:/Users/Andrew/Documents/ISEWorkspace/testgate/SIGNEXTEND_16to32Bit.vhd sub00/vhpl16 1453709996
AR controller_32bit behavioral C:/Users/Andrew/Documents/ISEWorkspace/testgate/CONTROLLER_32Bit.vhd sub00/vhpl12 1453709992
EN mux_2to1_5bit NULL C:/Users/Andrew/Documents/ISEWorkspace/testgate/MUX_2to1_5Bit.vhd sub00/vhpl09 1453709989
AR rom_512x32bit behavioral C:/Users/Andrew/Documents/ISEWorkspace/testgate/ROM_512x32Bit.vhd sub00/vhpl06 1453709988
AR regfile_32bitx5bit behavioral C:/Users/Andrew/Documents/ISEWorkspace/testgate/REGFILE_32BitX5Bit.vhd sub00/vhpl14 1453709994
EN regfile_32bitx5bit NULL C:/Users/Andrew/Documents/ISEWorkspace/testgate/REGFILE_32BitX5Bit.vhd sub00/vhpl13 1453709993
AR mux_2to1_5bit behavioral C:/Users/Andrew/Documents/ISEWorkspace/testgate/MUX_2to1_5Bit.vhd sub00/vhpl10 1453709990
EN mux_2to1_32bit NULL C:/Users/Andrew/Documents/ISEWorkspace/testgate/MUX_2to1_32Bit.vhd sub00/vhpl17 1453709997
EN controller_32bit NULL C:/Users/Andrew/Documents/ISEWorkspace/testgate/CONTROLLER_32Bit.vhd sub00/vhpl11 1453709991
EN rom_512x32bit NULL C:/Users/Andrew/Documents/ISEWorkspace/testgate/ROM_512x32Bit.vhd sub00/vhpl05 1453709987
EN processor_32bit NULL C:/Users/Andrew/Documents/ISEWorkspace/testgate/PROCESSOR_32Bit.vhd sub00/vhpl23 1453710003
AR alu_32bit behavioral C:/Users/Andrew/Documents/ISEWorkspace/testgate/ALU_32Bit.vhd sub00/vhpl20 1453710000
