EN prog_counter_32bit NULL C:/Users/David/Desktop/MIPS_Processor_ISEProjectFolder/PROG_COUNTER_32Bit.vhd sub00/vhpl01 1455416400
EN alu_32bit NULL C:/Users/David/Desktop/MIPS_Processor_ISEProjectFolder/ALU_32Bit.vhd sub00/vhpl23 1455417820
EN adder_32bit_unsigned NULL C:/Users/David/Desktop/MIPS_Processor_ISEProjectFolder/ADDER_32Bit_Unsigned.vhd sub00/vhpl03 1455416402
AR ram_512x8bit behavioral C:/Users/David/Desktop/MIPS_Processor_ISEProjectFolder/RAM_512x8Bit.vhd sub00/vhpl30 1455416429
AR adder_32bit_unsigned behavioral C:/Users/David/Desktop/MIPS_Processor_ISEProjectFolder/ADDER_32Bit_Unsigned.vhd sub00/vhpl04 1455416403
PH processor_pkg NULL C:/Users/David/Desktop/MIPS_Processor_ISEProjectFolder/PROCESSOR_pkg.vhd sub00/vhpl00 1455416399
AR processor_32bit behavioral C:/Users/David/Desktop/MIPS_Processor_ISEProjectFolder/PROCESSOR_32Bit.vhd sub00/vhpl32 1455416431
EN shiftandextend_32bit NULL C:/Users/David/Desktop/MIPS_Processor_ISEProjectFolder/SHIFTANDEXTEND_32Bit.vhd sub00/vhpl27 1455416426
AR shiftandextend_32bit behavioral C:/Users/David/Desktop/MIPS_Processor_ISEProjectFolder/SHIFTANDEXTEND_32Bit.vhd sub00/vhpl28 1455416427
EN shiftlefttwo_32bit NULL C:/Users/David/Desktop/MIPS_Processor_ISEProjectFolder/SHIFTLEFTTWO_32Bit.vhd sub00/vhpl21 1455416420
AR prog_counter_32bit behavioral C:/Users/David/Desktop/MIPS_Processor_ISEProjectFolder/PROG_COUNTER_32Bit.vhd sub00/vhpl02 1455416401
EN signextend_16to32bit NULL C:/Users/David/Desktop/MIPS_Processor_ISEProjectFolder/SIGNEXTEND_16to32Bit.vhd sub00/vhpl19 1455416418
AR mux_2to1_32bit behavioral C:/Users/David/Desktop/MIPS_Processor_ISEProjectFolder/MUX_2to1_32Bit.vhd sub00/vhpl10 1455416409
AR signextend_16to32bit behavioral C:/Users/David/Desktop/MIPS_Processor_ISEProjectFolder/SIGNEXTEND_16to32Bit.vhd sub00/vhpl20 1455416419
EN ram_512x8bit NULL C:/Users/David/Desktop/MIPS_Processor_ISEProjectFolder/RAM_512x8Bit.vhd sub00/vhpl29 1455416428
AR controller_32bit behavioral C:/Users/David/Desktop/MIPS_Processor_ISEProjectFolder/CONTROLLER_32Bit.vhd sub00/vhpl14 1455416413
EN signextend_5to32bit NULL C:/Users/David/Desktop/MIPS_Processor_ISEProjectFolder/SIGNEXTEND_5to32Bit.vhd sub00/vhpl17 1455416416
AR concatenate_26to32bit behavioral C:/Users/David/Desktop/MIPS_Processor_ISEProjectFolder/CONCATENATE_26to32Bit.vhd sub00/vhpl12 1455416411
EN mux_2to1_5bit NULL C:/Users/David/Desktop/MIPS_Processor_ISEProjectFolder/MUX_2to1_5Bit.vhd sub00/vhpl07 1455416406
AR signextend_5to32bit behavioral C:/Users/David/Desktop/MIPS_Processor_ISEProjectFolder/SIGNEXTEND_5to32Bit.vhd sub00/vhpl18 1455416417
AR rom_512x32bit behavioral C:/Users/David/Desktop/MIPS_Processor_ISEProjectFolder/ROM_512x32Bit.vhd sub00/vhpl06 1455416405
AR regfile_32bitx5bit behavioral C:/Users/David/Desktop/MIPS_Processor_ISEProjectFolder/REGFILE_32BitX5Bit.vhd sub00/vhpl16 1455416415
EN regfile_32bitx5bit NULL C:/Users/David/Desktop/MIPS_Processor_ISEProjectFolder/REGFILE_32BitX5Bit.vhd sub00/vhpl15 1455416414
AR mux_2to1_5bit behavioral C:/Users/David/Desktop/MIPS_Processor_ISEProjectFolder/MUX_2to1_5Bit.vhd sub00/vhpl08 1455416407
AR and_2to1_1bit behavioral C:/Users/David/Desktop/MIPS_Processor_ISEProjectFolder/AND_2to1_1Bit.vhd sub00/vhpl26 1455416425
EN mux_2to1_32bit NULL C:/Users/David/Desktop/MIPS_Processor_ISEProjectFolder/MUX_2to1_32Bit.vhd sub00/vhpl09 1455416408
EN concatenate_26to32bit NULL C:/Users/David/Desktop/MIPS_Processor_ISEProjectFolder/CONCATENATE_26to32Bit.vhd sub00/vhpl11 1455416410
EN controller_32bit NULL C:/Users/David/Desktop/MIPS_Processor_ISEProjectFolder/CONTROLLER_32Bit.vhd sub00/vhpl13 1455416412
AR shiftlefttwo_32bit behavioral C:/Users/David/Desktop/MIPS_Processor_ISEProjectFolder/SHIFTLEFTTWO_32Bit.vhd sub00/vhpl22 1455416421
EN and_2to1_1bit NULL C:/Users/David/Desktop/MIPS_Processor_ISEProjectFolder/AND_2to1_1Bit.vhd sub00/vhpl25 1455416424
EN rom_512x32bit NULL C:/Users/David/Desktop/MIPS_Processor_ISEProjectFolder/ROM_512x32Bit.vhd sub00/vhpl05 1455416404
EN processor_32bit NULL C:/Users/David/Desktop/MIPS_Processor_ISEProjectFolder/PROCESSOR_32Bit.vhd sub00/vhpl31 1455416430
AR alu_32bit behavioral C:/Users/David/Desktop/MIPS_Processor_ISEProjectFolder/ALU_32Bit.vhd sub00/vhpl24 1455417821
