EN prog_counter_32bit NULL C:/Users/Andrew/Documents/ISEWorkspace/testgate/MIPS_Processor_ISEProjectFolder/PROG_COUNTER_32Bit.vhd sub00/vhpl01 1455335881
EN alu_32bit NULL C:/Users/Andrew/Documents/ISEWorkspace/testgate/MIPS_Processor_ISEProjectFolder/ALU_32Bit.vhd sub00/vhpl17 1455335905
EN shiftrighttwo_32bit NULL C:/Users/Andrew/Documents/ISEWorkspace/testgate/MIPS_Processor_ISEProjectFolder/SHIFTRIGHTTWO_32Bit.vhd sub00/vhpl27 1455335903
AR ram_512x32bit behavioral C:/Users/David/Desktop/MIPS_Processor_ISEProjectFolder/RAM_512x32Bit.vhd sub00/vhpl20 1454528763
EN adder_32bit_unsigned NULL C:/Users/Andrew/Documents/ISEWorkspace/testgate/MIPS_Processor_ISEProjectFolder/ADDER_32Bit_Unsigned.vhd sub00/vhpl03 1455335883
AR ram_512x8bit behavioral C:/Users/Andrew/Documents/ISEWorkspace/testgate/MIPS_Processor_ISEProjectFolder/RAM_512x8Bit.vhd sub00/vhpl36 1455335914
AR shiftleft_26bit behavioral C:/Users/Andrew/Documents/ISEWorkspace/testgate/MIPS_Processor_ISEProjectFolder/ShiftLeft_26Bit.vhd sub00/vhpl24 1455335888
AR adder_32bit_unsigned behavioral C:/Users/Andrew/Documents/ISEWorkspace/testgate/MIPS_Processor_ISEProjectFolder/ADDER_32Bit_Unsigned.vhd sub00/vhpl04 1455335884
PH processor_pkg NULL C:/Users/Andrew/Documents/ISEWorkspace/testgate/MIPS_Processor_ISEProjectFolder/PROCESSOR_pkg.vhd sub00/vhpl00 1455335880
AR processor_32bit behavioral C:/Users/Andrew/Documents/ISEWorkspace/testgate/MIPS_Processor_ISEProjectFolder/PROCESSOR_32Bit.vhd sub00/vhpl22 1455335916
EN shiftandextend_32bit NULL C:/Users/Andrew/Documents/ISEWorkspace/testgate/MIPS_Processor_ISEProjectFolder/SHIFTANDEXTEND_32Bit.vhd sub00/vhpl31 1455335909
AR shiftandextend_32bit behavioral C:/Users/Andrew/Documents/ISEWorkspace/testgate/MIPS_Processor_ISEProjectFolder/SHIFTANDEXTEND_32Bit.vhd sub00/vhpl32 1455335910
AR prog_counter_32bit behavioral C:/Users/Andrew/Documents/ISEWorkspace/testgate/MIPS_Processor_ISEProjectFolder/PROG_COUNTER_32Bit.vhd sub00/vhpl02 1455335882
EN signextend_16to32bit NULL C:/Users/Andrew/Documents/ISEWorkspace/testgate/MIPS_Processor_ISEProjectFolder/SIGNEXTEND_16to32Bit.vhd sub00/vhpl13 1455335901
EN ram_512x32bit NULL C:/Users/David/Desktop/MIPS_Processor_ISEProjectFolder/RAM_512x32Bit.vhd sub00/vhpl19 1454528762
AR mux_2to1_32bit behavioral C:/Users/Andrew/Documents/ISEWorkspace/testgate/MIPS_Processor_ISEProjectFolder/MUX_2to1_32Bit.vhd sub00/vhpl16 1455335892
AR shiftrighttwo_32bit behavioral C:/Users/Andrew/Documents/ISEWorkspace/testgate/MIPS_Processor_ISEProjectFolder/SHIFTRIGHTTWO_32Bit.vhd sub00/vhpl28 1455335904
AR signextend_16to32bit behavioral C:/Users/Andrew/Documents/ISEWorkspace/testgate/MIPS_Processor_ISEProjectFolder/SIGNEXTEND_16to32Bit.vhd sub00/vhpl14 1455335902
EN ram_512x8bit NULL C:/Users/Andrew/Documents/ISEWorkspace/testgate/MIPS_Processor_ISEProjectFolder/RAM_512x8Bit.vhd sub00/vhpl35 1455335913
AR controller_32bit behavioral C:/Users/Andrew/Documents/ISEWorkspace/testgate/MIPS_Processor_ISEProjectFolder/CONTROLLER_32Bit.vhd sub00/vhpl10 1455335896
EN signextend_5to32bit NULL C:/Users/Andrew/Documents/ISEWorkspace/testgate/MIPS_Processor_ISEProjectFolder/SIGNEXTEND_5to32Bit.vhd sub00/vhpl37 1455335899
AR concatenate_26to32bit behavioral C:/Users/Andrew/Documents/ISEWorkspace/testgate/MIPS_Processor_ISEProjectFolder/CONCATENATE_26to32Bit.vhd sub00/vhpl26 1455335894
EN mux_2to1_5bit NULL C:/Users/Andrew/Documents/ISEWorkspace/testgate/MIPS_Processor_ISEProjectFolder/MUX_2to1_5Bit.vhd sub00/vhpl07 1455335889
AR signextend_5to32bit behavioral C:/Users/Andrew/Documents/ISEWorkspace/testgate/MIPS_Processor_ISEProjectFolder/SIGNEXTEND_5to32Bit.vhd sub00/vhpl38 1455335900
AR rom_512x32bit behavioral C:/Users/Andrew/Documents/ISEWorkspace/testgate/MIPS_Processor_ISEProjectFolder/ROM_512x32Bit.vhd sub00/vhpl06 1455335886
AR splitter_32bit behavioral C:/Users/Andrew/Documents/ISEWorkspace/testgate/MIPS_Processor_ISEProjectFolder/SPLITTER_32Bit.vhd sub00/vhpl34 1455335912
AR regfile_32bitx5bit behavioral C:/Users/Andrew/Documents/ISEWorkspace/testgate/MIPS_Processor_ISEProjectFolder/REGFILE_32BitX5Bit.vhd sub00/vhpl12 1455335898
EN regfile_32bitx5bit NULL C:/Users/Andrew/Documents/ISEWorkspace/testgate/MIPS_Processor_ISEProjectFolder/REGFILE_32BitX5Bit.vhd sub00/vhpl11 1455335897
AR mux_2to1_5bit behavioral C:/Users/Andrew/Documents/ISEWorkspace/testgate/MIPS_Processor_ISEProjectFolder/MUX_2to1_5Bit.vhd sub00/vhpl08 1455335890
AR and_2to1_1bit behavioral C:/Users/Andrew/Documents/ISEWorkspace/testgate/MIPS_Processor_ISEProjectFolder/AND_2to1_1Bit.vhd sub00/vhpl30 1455335908
EN mux_2to1_32bit NULL C:/Users/Andrew/Documents/ISEWorkspace/testgate/MIPS_Processor_ISEProjectFolder/MUX_2to1_32Bit.vhd sub00/vhpl15 1455335891
EN controller_32bit NULL C:/Users/Andrew/Documents/ISEWorkspace/testgate/MIPS_Processor_ISEProjectFolder/CONTROLLER_32Bit.vhd sub00/vhpl09 1455335895
EN concatenate_26to32bit NULL C:/Users/Andrew/Documents/ISEWorkspace/testgate/MIPS_Processor_ISEProjectFolder/CONCATENATE_26to32Bit.vhd sub00/vhpl25 1455335893
EN splitter_32bit NULL C:/Users/Andrew/Documents/ISEWorkspace/testgate/MIPS_Processor_ISEProjectFolder/SPLITTER_32Bit.vhd sub00/vhpl33 1455335911
EN and_2to1_1bit NULL C:/Users/Andrew/Documents/ISEWorkspace/testgate/MIPS_Processor_ISEProjectFolder/AND_2to1_1Bit.vhd sub00/vhpl29 1455335907
EN rom_512x32bit NULL C:/Users/Andrew/Documents/ISEWorkspace/testgate/MIPS_Processor_ISEProjectFolder/ROM_512x32Bit.vhd sub00/vhpl05 1455335885
EN processor_32bit NULL C:/Users/Andrew/Documents/ISEWorkspace/testgate/MIPS_Processor_ISEProjectFolder/PROCESSOR_32Bit.vhd sub00/vhpl21 1455335915
EN shiftleft_26bit NULL C:/Users/Andrew/Documents/ISEWorkspace/testgate/MIPS_Processor_ISEProjectFolder/ShiftLeft_26Bit.vhd sub00/vhpl23 1455335887
AR alu_32bit behavioral C:/Users/Andrew/Documents/ISEWorkspace/testgate/MIPS_Processor_ISEProjectFolder/ALU_32Bit.vhd sub00/vhpl18 1455335906
