V3 55
FL C:/Users/David/Desktop/MIPS_Processor_ISEProjectFolder/ADDER_32Bit_Unsigned.vhd 2016/02/03.11:37:20 P.20131013
EN work/ADDER_32Bit_Unsigned 1454528746 \
      FL C:/Users/David/Desktop/MIPS_Processor_ISEProjectFolder/ADDER_32Bit_Unsigned.vhd \
      PB ieee/std_logic_1164 1381692176 PB ieee/STD_LOGIC_UNSIGNED 1381692179
AR work/ADDER_32Bit_Unsigned/Behavioral 1454528747 \
      FL C:/Users/David/Desktop/MIPS_Processor_ISEProjectFolder/ADDER_32Bit_Unsigned.vhd \
      EN work/ADDER_32Bit_Unsigned 1454528746
FL C:/Users/David/Desktop/MIPS_Processor_ISEProjectFolder/ALU_32Bit.vhd 2016/02/03.11:41:01 P.20131013
EN work/ALU_32BIT 1454528760 \
      FL C:/Users/David/Desktop/MIPS_Processor_ISEProjectFolder/ALU_32Bit.vhd \
      PB ieee/std_logic_1164 1381692176 PB ieee/NUMERIC_STD 1381692181
AR work/ALU_32BIT/Behavioral 1454528761 \
      FL C:/Users/David/Desktop/MIPS_Processor_ISEProjectFolder/ALU_32Bit.vhd \
      EN work/ALU_32BIT 1454528760
FL C:/Users/David/Desktop/MIPS_Processor_ISEProjectFolder/CONTROLLER_32Bit.vhd 2016/02/03.11:37:20 P.20131013
EN work/CONTROLLER_32Bit 1454528752 \
      FL C:/Users/David/Desktop/MIPS_Processor_ISEProjectFolder/CONTROLLER_32Bit.vhd \
      PB ieee/std_logic_1164 1381692176
AR work/CONTROLLER_32Bit/Behavioral 1454528753 \
      FL C:/Users/David/Desktop/MIPS_Processor_ISEProjectFolder/CONTROLLER_32Bit.vhd \
      EN work/CONTROLLER_32Bit 1454528752
FL C:/Users/David/Desktop/MIPS_Processor_ISEProjectFolder/MUX_2to1_32Bit.vhd 2016/02/03.11:37:20 P.20131013
EN work/MUX_2to1_32Bit 1454528758 \
      FL C:/Users/David/Desktop/MIPS_Processor_ISEProjectFolder/MUX_2to1_32Bit.vhd \
      PB ieee/std_logic_1164 1381692176
AR work/MUX_2to1_32Bit/Behavioral 1454528759 \
      FL C:/Users/David/Desktop/MIPS_Processor_ISEProjectFolder/MUX_2to1_32Bit.vhd \
      EN work/MUX_2to1_32Bit 1454528758
FL C:/Users/David/Desktop/MIPS_Processor_ISEProjectFolder/MUX_2to1_5Bit.vhd 2016/02/03.11:37:20 P.20131013
EN work/MUX_2to1_5Bit 1454528750 \
      FL C:/Users/David/Desktop/MIPS_Processor_ISEProjectFolder/MUX_2to1_5Bit.vhd \
      PB ieee/std_logic_1164 1381692176
AR work/MUX_2to1_5Bit/Behavioral 1454528751 \
      FL C:/Users/David/Desktop/MIPS_Processor_ISEProjectFolder/MUX_2to1_5Bit.vhd \
      EN work/MUX_2to1_5Bit 1454528750
FL C:/Users/David/Desktop/MIPS_Processor_ISEProjectFolder/PROCESSOR_32Bit.vhd 2016/02/03.11:37:20 P.20131013
EN work/PROCESSOR_32Bit 1454528764 \
      FL C:/Users/David/Desktop/MIPS_Processor_ISEProjectFolder/PROCESSOR_32Bit.vhd \
      PB ieee/std_logic_1164 1381692176 PH work/processor_pkg 1454528743
AR work/PROCESSOR_32Bit/Behavioral 1454528765 \
      FL C:/Users/David/Desktop/MIPS_Processor_ISEProjectFolder/PROCESSOR_32Bit.vhd \
      EN work/PROCESSOR_32Bit 1454528764 CP PROG_COUNTER_32Bit \
      CP ADDER_32Bit_Unsigned CP ROM_512x32Bit CP MUX_2to1_5Bit CP CONTROLLER_32Bit \
      CP REGFILE_32BitX5Bit CP SIGNEXTEND_16to32Bit CP MUX_2to1_32Bit CP ALU_32Bit \
      CP RAM_512x32Bit
FL C:/Users/David/Desktop/MIPS_Processor_ISEProjectFolder/PROCESSOR_pkg.vhd 2016/02/03.11:37:20 P.20131013
PH work/processor_pkg 1454528743 \
      FL C:/Users/David/Desktop/MIPS_Processor_ISEProjectFolder/PROCESSOR_pkg.vhd \
      PB ieee/std_logic_1164 1381692176 CD ADDER_32Bit_Unsigned CD ALU_32BIT \
      CD CONTROLLER_32Bit CD MUX_2to1_5Bit CD MUX_2to1_32Bit CD PROG_COUNTER_32Bit \
      CD RAM_512x32Bit CD REGFILE_32BitX5Bit CD ROM_512x32Bit \
      CD SIGNEXTEND_16to32Bit
FL C:/Users/David/Desktop/MIPS_Processor_ISEProjectFolder/PROG_COUNTER_32Bit.vhd 2016/02/03.11:37:20 P.20131013
EN work/PROG_COUNTER_32Bit 1454528744 \
      FL C:/Users/David/Desktop/MIPS_Processor_ISEProjectFolder/PROG_COUNTER_32Bit.vhd \
      PB ieee/std_logic_1164 1381692176
AR work/PROG_COUNTER_32Bit/Behavioral 1454528745 \
      FL C:/Users/David/Desktop/MIPS_Processor_ISEProjectFolder/PROG_COUNTER_32Bit.vhd \
      EN work/PROG_COUNTER_32Bit 1454528744
FL C:/Users/David/Desktop/MIPS_Processor_ISEProjectFolder/RAM_512x32Bit.vhd 2016/02/03.11:37:20 P.20131013
EN work/RAM_512x32Bit 1454528762 \
      FL C:/Users/David/Desktop/MIPS_Processor_ISEProjectFolder/RAM_512x32Bit.vhd \
      PB ieee/std_logic_1164 1381692176 PB ieee/std_logic_arith 1381692177 \
      PB ieee/STD_LOGIC_UNSIGNED 1381692179
AR work/RAM_512x32Bit/Behavioral 1454528763 \
      FL C:/Users/David/Desktop/MIPS_Processor_ISEProjectFolder/RAM_512x32Bit.vhd \
      EN work/RAM_512x32Bit 1454528762
FL C:/Users/David/Desktop/MIPS_Processor_ISEProjectFolder/REGFILE_32BitX5Bit.vhd 2016/02/03.11:37:20 P.20131013
EN work/REGFILE_32BitX5Bit 1454528754 \
      FL C:/Users/David/Desktop/MIPS_Processor_ISEProjectFolder/REGFILE_32BitX5Bit.vhd \
      PB ieee/std_logic_1164 1381692176 PB ieee/std_logic_arith 1381692177 \
      PB ieee/STD_LOGIC_UNSIGNED 1381692179
AR work/REGFILE_32BitX5Bit/Behavioral 1454528755 \
      FL C:/Users/David/Desktop/MIPS_Processor_ISEProjectFolder/REGFILE_32BitX5Bit.vhd \
      EN work/REGFILE_32BitX5Bit 1454528754
FL C:/Users/David/Desktop/MIPS_Processor_ISEProjectFolder/ROM_512x32Bit.vhd 2016/02/03.11:37:20 P.20131013
EN work/ROM_512x32Bit 1454528748 \
      FL C:/Users/David/Desktop/MIPS_Processor_ISEProjectFolder/ROM_512x32Bit.vhd \
      PB ieee/std_logic_1164 1381692176 PB std/TEXTIO 1381692176 \
      PB ieee/NUMERIC_STD 1381692181
AR work/ROM_512x32Bit/Behavioral 1454528749 \
      FL C:/Users/David/Desktop/MIPS_Processor_ISEProjectFolder/ROM_512x32Bit.vhd \
      EN work/ROM_512x32Bit 1454528748
FL C:/Users/David/Desktop/MIPS_Processor_ISEProjectFolder/SIGNEXTEND_16to32Bit.vhd 2016/02/03.11:37:20 P.20131013
EN work/SIGNEXTEND_16to32Bit 1454535011 \
      FL C:/Users/David/Desktop/MIPS_Processor_ISEProjectFolder/SIGNEXTEND_16to32Bit.vhd \
      PB ieee/std_logic_1164 1381692176
AR work/SIGNEXTEND_16to32Bit/Behavioral 1454535012 \
      FL C:/Users/David/Desktop/MIPS_Processor_ISEProjectFolder/SIGNEXTEND_16to32Bit.vhd \
      EN work/SIGNEXTEND_16to32Bit 1454535011
