V3 81
FL C:/Users/David/Desktop/MIPS_Processor_ISEProjectFolder/ADDER_32Bit_Unsigned.vhd 2016/02/13.09:06:01 P.20131013
EN work/ADDER_32Bit_Unsigned 1455416402 \
      FL C:/Users/David/Desktop/MIPS_Processor_ISEProjectFolder/ADDER_32Bit_Unsigned.vhd \
      PB ieee/std_logic_1164 1381692176 PB ieee/STD_LOGIC_UNSIGNED 1381692179
AR work/ADDER_32Bit_Unsigned/Behavioral 1455416403 \
      FL C:/Users/David/Desktop/MIPS_Processor_ISEProjectFolder/ADDER_32Bit_Unsigned.vhd \
      EN work/ADDER_32Bit_Unsigned 1455416402
FL C:/Users/David/Desktop/MIPS_Processor_ISEProjectFolder/ALU_32Bit.vhd 2016/02/13.18:42:57 P.20131013
EN work/ALU_32BIT 1455417820 \
      FL C:/Users/David/Desktop/MIPS_Processor_ISEProjectFolder/ALU_32Bit.vhd \
      PB ieee/std_logic_1164 1381692176 PB ieee/NUMERIC_STD 1381692181 \
      PB ieee/STD_LOGIC_SIGNED 1381692178
AR work/ALU_32BIT/Behavioral 1455417821 \
      FL C:/Users/David/Desktop/MIPS_Processor_ISEProjectFolder/ALU_32Bit.vhd \
      EN work/ALU_32BIT 1455417820
FL C:/Users/David/Desktop/MIPS_Processor_ISEProjectFolder/AND_2to1_1Bit.vhd 2016/02/13.09:06:01 P.20131013
EN work/AND_2to1_1Bit 1455416424 \
      FL C:/Users/David/Desktop/MIPS_Processor_ISEProjectFolder/AND_2to1_1Bit.vhd \
      PB ieee/std_logic_1164 1381692176
AR work/AND_2to1_1Bit/Behavioral 1455416425 \
      FL C:/Users/David/Desktop/MIPS_Processor_ISEProjectFolder/AND_2to1_1Bit.vhd \
      EN work/AND_2to1_1Bit 1455416424
FL C:/Users/David/Desktop/MIPS_Processor_ISEProjectFolder/CONCATENATE_26to32Bit.vhd 2016/02/13.09:06:01 P.20131013
EN work/CONCATENATE_26to32Bit 1455416410 \
      FL C:/Users/David/Desktop/MIPS_Processor_ISEProjectFolder/CONCATENATE_26to32Bit.vhd \
      PB ieee/std_logic_1164 1381692176 PB ieee/NUMERIC_STD 1381692181
AR work/CONCATENATE_26to32Bit/Behavioral 1455416411 \
      FL C:/Users/David/Desktop/MIPS_Processor_ISEProjectFolder/CONCATENATE_26to32Bit.vhd \
      EN work/CONCATENATE_26to32Bit 1455416410
FL C:/Users/David/Desktop/MIPS_Processor_ISEProjectFolder/CONTROLLER_32Bit.vhd 2016/02/13.17:28:36 P.20131013
EN work/CONTROLLER_32Bit 1455416412 \
      FL C:/Users/David/Desktop/MIPS_Processor_ISEProjectFolder/CONTROLLER_32Bit.vhd \
      PB ieee/std_logic_1164 1381692176
AR work/CONTROLLER_32Bit/Behavioral 1455416413 \
      FL C:/Users/David/Desktop/MIPS_Processor_ISEProjectFolder/CONTROLLER_32Bit.vhd \
      EN work/CONTROLLER_32Bit 1455416412
FL C:/Users/David/Desktop/MIPS_Processor_ISEProjectFolder/MUX_2to1_32Bit.vhd 2016/02/13.09:06:01 P.20131013
EN work/MUX_2to1_32Bit 1455416408 \
      FL C:/Users/David/Desktop/MIPS_Processor_ISEProjectFolder/MUX_2to1_32Bit.vhd \
      PB ieee/std_logic_1164 1381692176
AR work/MUX_2to1_32Bit/Behavioral 1455416409 \
      FL C:/Users/David/Desktop/MIPS_Processor_ISEProjectFolder/MUX_2to1_32Bit.vhd \
      EN work/MUX_2to1_32Bit 1455416408
FL C:/Users/David/Desktop/MIPS_Processor_ISEProjectFolder/MUX_2to1_5Bit.vhd 2016/02/13.09:06:01 P.20131013
EN work/MUX_2to1_5Bit 1455416406 \
      FL C:/Users/David/Desktop/MIPS_Processor_ISEProjectFolder/MUX_2to1_5Bit.vhd \
      PB ieee/std_logic_1164 1381692176
AR work/MUX_2to1_5Bit/Behavioral 1455416407 \
      FL C:/Users/David/Desktop/MIPS_Processor_ISEProjectFolder/MUX_2to1_5Bit.vhd \
      EN work/MUX_2to1_5Bit 1455416406
FL C:/Users/David/Desktop/MIPS_Processor_ISEProjectFolder/PROCESSOR_32Bit.vhd 2016/02/13.09:06:02 P.20131013
EN work/PROCESSOR_32Bit 1455416430 \
      FL C:/Users/David/Desktop/MIPS_Processor_ISEProjectFolder/PROCESSOR_32Bit.vhd \
      PB ieee/std_logic_1164 1381692176 PH work/processor_pkg 1455416399
AR work/PROCESSOR_32Bit/Behavioral 1455416431 \
      FL C:/Users/David/Desktop/MIPS_Processor_ISEProjectFolder/PROCESSOR_32Bit.vhd \
      EN work/PROCESSOR_32Bit 1455416430 CP PROG_COUNTER_32Bit \
      CP ADDER_32Bit_Unsigned CP ROM_512x32Bit CP MUX_2to1_5Bit CP MUX_2to1_32Bit \
      CP CONCATENATE_26to32Bit CP CONTROLLER_32Bit CP REGFILE_32BitX5Bit \
      CP SIGNEXTEND_5to32Bit CP SIGNEXTEND_16to32Bit CP SHIFTLEFTTWO_32Bit \
      CP ALU_32Bit CP AND_2to1_1Bit CP SHIFTANDEXTEND_32Bit CP RAM_512x8Bit
FL C:/Users/David/Desktop/MIPS_Processor_ISEProjectFolder/PROCESSOR_pkg.vhd 2016/02/13.09:06:02 P.20131013
PH work/processor_pkg 1455416399 \
      FL C:/Users/David/Desktop/MIPS_Processor_ISEProjectFolder/PROCESSOR_pkg.vhd \
      PB ieee/std_logic_1164 1381692176 CD ADDER_32Bit_Unsigned CD ALU_32BIT \
      CD CONTROLLER_32Bit CD MUX_2to1_5Bit CD MUX_2to1_32Bit CD PROG_COUNTER_32Bit \
      CD RAM_512x8Bit CD REGFILE_32BitX5Bit CD ROM_512x32Bit \
      CD SIGNEXTEND_16to32Bit CD SIGNEXTEND_5to32Bit CD CONCATENATE_26to32Bit \
      CD SHIFTLEFTTWO_32Bit CD AND_2to1_1Bit CD SHIFTANDEXTEND_32Bit \
      CD SPLITTER_32Bit
FL C:/Users/David/Desktop/MIPS_Processor_ISEProjectFolder/PROG_COUNTER_32Bit.vhd 2016/02/13.09:06:02 P.20131013
EN work/PROG_COUNTER_32Bit 1455416400 \
      FL C:/Users/David/Desktop/MIPS_Processor_ISEProjectFolder/PROG_COUNTER_32Bit.vhd \
      PB ieee/std_logic_1164 1381692176
AR work/PROG_COUNTER_32Bit/Behavioral 1455416401 \
      FL C:/Users/David/Desktop/MIPS_Processor_ISEProjectFolder/PROG_COUNTER_32Bit.vhd \
      EN work/PROG_COUNTER_32Bit 1455416400
FL C:/Users/David/Desktop/MIPS_Processor_ISEProjectFolder/RAM_512x8Bit.vhd 2016/02/13.09:06:02 P.20131013
EN work/RAM_512x8Bit 1455416428 \
      FL C:/Users/David/Desktop/MIPS_Processor_ISEProjectFolder/RAM_512x8Bit.vhd \
      PB ieee/std_logic_1164 1381692176 PB ieee/std_logic_arith 1381692177 \
      PB ieee/STD_LOGIC_UNSIGNED 1381692179
AR work/RAM_512x8Bit/Behavioral 1455416429 \
      FL C:/Users/David/Desktop/MIPS_Processor_ISEProjectFolder/RAM_512x8Bit.vhd \
      EN work/RAM_512x8Bit 1455416428
FL C:/Users/David/Desktop/MIPS_Processor_ISEProjectFolder/REGFILE_32BitX5Bit.vhd 2016/02/13.09:06:02 P.20131013
EN work/REGFILE_32BitX5Bit 1455416414 \
      FL C:/Users/David/Desktop/MIPS_Processor_ISEProjectFolder/REGFILE_32BitX5Bit.vhd \
      PB ieee/std_logic_1164 1381692176 PB ieee/std_logic_arith 1381692177 \
      PB ieee/STD_LOGIC_UNSIGNED 1381692179
AR work/REGFILE_32BitX5Bit/Behavioral 1455416415 \
      FL C:/Users/David/Desktop/MIPS_Processor_ISEProjectFolder/REGFILE_32BitX5Bit.vhd \
      EN work/REGFILE_32BitX5Bit 1455416414
FL C:/Users/David/Desktop/MIPS_Processor_ISEProjectFolder/ROM_512x32Bit.vhd 2016/02/13.09:06:02 P.20131013
EN work/ROM_512x32Bit 1455416404 \
      FL C:/Users/David/Desktop/MIPS_Processor_ISEProjectFolder/ROM_512x32Bit.vhd \
      PB ieee/std_logic_1164 1381692176 PB std/TEXTIO 1381692176 \
      PB ieee/NUMERIC_STD 1381692181
AR work/ROM_512x32Bit/Behavioral 1455416405 \
      FL C:/Users/David/Desktop/MIPS_Processor_ISEProjectFolder/ROM_512x32Bit.vhd \
      EN work/ROM_512x32Bit 1455416404
FL C:/Users/David/Desktop/MIPS_Processor_ISEProjectFolder/SHIFTANDEXTEND_32Bit.vhd 2016/02/13.09:06:02 P.20131013
EN work/SHIFTANDEXTEND_32Bit 1455416426 \
      FL C:/Users/David/Desktop/MIPS_Processor_ISEProjectFolder/SHIFTANDEXTEND_32Bit.vhd \
      PB ieee/std_logic_1164 1381692176
AR work/SHIFTANDEXTEND_32Bit/Behavioral 1455416427 \
      FL C:/Users/David/Desktop/MIPS_Processor_ISEProjectFolder/SHIFTANDEXTEND_32Bit.vhd \
      EN work/SHIFTANDEXTEND_32Bit 1455416426
FL C:/Users/David/Desktop/MIPS_Processor_ISEProjectFolder/SHIFTLEFTTWO_32Bit.vhd 2016/02/13.09:06:02 P.20131013
EN work/SHIFTLEFTTWO_32Bit 1455416420 \
      FL C:/Users/David/Desktop/MIPS_Processor_ISEProjectFolder/SHIFTLEFTTWO_32Bit.vhd \
      PB ieee/std_logic_1164 1381692176 PB ieee/NUMERIC_STD 1381692181
AR work/SHIFTLEFTTWO_32Bit/Behavioral 1455416421 \
      FL C:/Users/David/Desktop/MIPS_Processor_ISEProjectFolder/SHIFTLEFTTWO_32Bit.vhd \
      EN work/SHIFTLEFTTWO_32Bit 1455416420
FL C:/Users/David/Desktop/MIPS_Processor_ISEProjectFolder/SIGNEXTEND_16to32Bit.vhd 2016/02/13.09:06:02 P.20131013
EN work/SIGNEXTEND_16to32Bit 1455416418 \
      FL C:/Users/David/Desktop/MIPS_Processor_ISEProjectFolder/SIGNEXTEND_16to32Bit.vhd \
      PB ieee/std_logic_1164 1381692176
AR work/SIGNEXTEND_16to32Bit/Behavioral 1455416419 \
      FL C:/Users/David/Desktop/MIPS_Processor_ISEProjectFolder/SIGNEXTEND_16to32Bit.vhd \
      EN work/SIGNEXTEND_16to32Bit 1455416418
FL C:/Users/David/Desktop/MIPS_Processor_ISEProjectFolder/SIGNEXTEND_5to32Bit.vhd 2016/02/13.09:06:02 P.20131013
EN work/SIGNEXTEND_5to32Bit 1455416416 \
      FL C:/Users/David/Desktop/MIPS_Processor_ISEProjectFolder/SIGNEXTEND_5to32Bit.vhd \
      PB ieee/std_logic_1164 1381692176
AR work/SIGNEXTEND_5to32Bit/Behavioral 1455416417 \
      FL C:/Users/David/Desktop/MIPS_Processor_ISEProjectFolder/SIGNEXTEND_5to32Bit.vhd \
      EN work/SIGNEXTEND_5to32Bit 1455416416
